[shop.azelab.com/home-1-clothes-full-width.html]
[backblue.gif]
[fade.gif]
[index.html]
[shop.azelab.com/css/bootstrap.css]
[shop.azelab.com/css/vendor/validation-engine.css]
[shop.azelab.com/css/style.css]
[shop.azelab.com/fonts/simple-line-icons.css]
[shop.azelab.com/fonts/elegant-icons.css]
[shop.azelab.com/js/modernizr-2.6.2.min.js]
[shop.azelab.com/your@email.com]
[shop.azelab.com/coming-soon.html]
[shop.azelab.com/images/pr_2-small.jpg]
[shop.azelab.com/images/pr_3-small.jpg]
[shop.azelab.com/wishlist.html]
[shop.azelab.com/compare.html]
[shop.azelab.com/images/logo.svg]
[shop.azelab.com/product-page.html]
[shop.azelab.com/shopping-cart.html]
[shop.azelab.com/checkout.html]
[shop.azelab.com/home-1-clothes.html]
[shop.azelab.com/home-2-furniture.html]
[shop.azelab.com/home-3-bookstore.html]
[shop.azelab.com/home-4-electronics.html]
[shop.azelab.com/home-5-flower.html]
[shop.azelab.com/basic-page.html]
[shop.azelab.com/blog.html]
[shop.azelab.com/category.html]
[shop.azelab.com/account.html]
[shop.azelab.com/contact.html]
[shop.azelab.com/email_template.html]
[shop.azelab.com/login_register.html]
[shop.azelab.com/order-complete.html]
[shop.azelab.com/order-history.html]
[shop.azelab.com/shortcodes.html]
[shop.azelab.com/single-blog.html]
[shop.azelab.com/review_page.html]
[shop.azelab.com/404.html]
[shop.azelab.com/images/pr_1-menu.jpg]
[shop.azelab.com/images/pr_2-menu.jpg]
[shop.azelab.com/images/pr_1.jpg]
[shop.azelab.com/images/pr_2.jpg]
[shop.azelab.com/images/pr_3.jpg]
[shop.azelab.com/images/pr_4.jpg]
[shop.azelab.com/images/megamenu-btm1.jpg]
[shop.azelab.com/images/megamenu-btm2.jpg]
[shop.azelab.com/images/megamenu-btm3.jpg]
[shop.azelab.com/images/home-1/slides/1-bg.jpg]
[shop.azelab.com/images/home-1/slides/2-bg.jpg]
[shop.azelab.com/images/home-1/slides/3-bg.jpg]
[shop.azelab.com/images/home-1/banner-1.jpg]
[shop.azelab.com/images/home-1/banner-2.jpg]
[shop.azelab.com/images/home-1/banner-3.jpg]
[shop.azelab.com/images/products/thumbs/1.jpg]
[shop.azelab.com/images/products/thumbs/2.jpg]
[shop.azelab.com/images/products/thumbs/3.jpg]
[shop.azelab.com/images/products/thumbs/4.jpg]
[shop.azelab.com/images/products/thumbs/5.jpg]
[shop.azelab.com/images/products/thumbs/6.jpg]
[shop.azelab.com/images/products/thumbs/7.jpg]
[shop.azelab.com/images/products/thumbs/8.jpg]
[shop.azelab.com/images/review/avatar-1.jpg]
[shop.azelab.com/images/review/avatar-2.jpg]
[shop.azelab.com/images/review/avatar-3.jpg]
[shop.azelab.com/images/brands/nike.png]
[shop.azelab.com/images/brands/converse.png]
[shop.azelab.com/images/brands/puma.png]
[shop.azelab.com/images/brands/adidas.png]
[shop.azelab.com/images/brands/reebok.png]
[shop.azelab.com/images/brands/spalding.png]
[shop.azelab.com/images/brands/lotto.png]
[shop.azelab.com/images/brands/ozark.png]
[shop.azelab.com/images/brands/exr.png]
[shop.azelab.com/images/home-1/news-1.jpg]
[shop.azelab.com/images/home-1/news-2.jpg]
[shop.azelab.com/images/home-1/news-3.jpg]
[shop.azelab.com/images/pr_1-small.jpg]
[shop.azelab.com/images/pr_4-small.jpg]
[shop.azelab.com/images/pr_5-small.jpg]
[shop.azelab.com/images/pr_6-small.jpg]
[shop.azelab.com/images/credit-cards.png]
[shop.azelab.com/js/bootstrap.min.js]
[shop.azelab.com/js/jquery-ui-1.10.4.custom.min.js]
[shop.azelab.com/js/jquery-1.11.0.min.js]
[shop.azelab.com/js/jquery.bxslider.min.js]
[shop.azelab.com/js/jquery-accessibleMegaMenu.js]
[shop.azelab.com/js/jquery.validationEngine-en.js]
[shop.azelab.com/js/jquery.validationEngine.js]
[shop.azelab.com/plugins/responsiveslides/responsiveslides.min.js]
[shop.azelab.com/js/fastclick.js]
[shop.azelab.com/js/plugins.js]
[shop.azelab.com/home-1-clothes-full-width.html]
[shop.azelab.com/js/scripts.js]
[shop.azelab.com/font-face/HelveticaNeueCyr-Light.otf]
[shop.azelab.com/font-face/HelveticaNeueCyr-Thin.otf]
[shop.azelab.com/font-face/helvetica.css]
[shop.azelab.com/css/bootstrap/glyphicons-halflings-regular.eot]
[shop.azelab.com/css/bootstrap/glyphicons-halflings-regulard41d.eot]
[shop.azelab.com/css/bootstrap/glyphicons-halflings-regular.woff]
[shop.azelab.com/css/bootstrap/glyphicons-halflings-regular.ttf]
[shop.azelab.com/css/bootstrap/glyphicons-halflings-regular.svg]
[shop.azelab.com/css/bootstrap.css]
[shop.azelab.com/css/vendor/validation-engine.css]
[shop.azelab.com/plugins/responsiveslides/responsiveslides.css]
[shop.azelab.com/images/loader-64.gif]
[shop.azelab.com/images/stars-rating.png]
[shop.azelab.com/images/mediaelementplayer/bigplay.svg]
[shop.azelab.com/images/mediaelementplayer/bigplay.png]
[shop.azelab.com/images/mediaelementplayer/background.png]
[shop.azelab.com/images/mediaelementplayer/loading.gif]
[shop.azelab.com/images/mediaelementplayer/controls.svg]
[shop.azelab.com/images/mediaelementplayer/controls.png]
[shop.azelab.com/images/home-2/bg.jpg]
[shop.azelab.com/images/stars-rating-home-v2.png]
[shop.azelab.com/images/home-4/bg.jpg]
[shop.azelab.com/images/stars-rating-home-v4.png]
[shop.azelab.com/images/home-5/testimonials.jpg]
[shop.azelab.com/images/home-5/te-heading-bottom.png]
[shop.azelab.com/css/style.css]
[shop.azelab.com/fonts/fonts/Simple-Line-Icons.eot]
[shop.azelab.com/fonts/fonts/Simple-Line-Icons.woff]
[shop.azelab.com/fonts/fonts/Simple-Line-Iconsd41d.eot]
[shop.azelab.com/fonts/fonts/Simple-Line-Icons.ttf]
[shop.azelab.com/fonts/fonts/Simple-Line-Icons.svg]
[shop.azelab.com/fonts/simple-line-icons.css]
[shop.azelab.com/fonts/fonts/ElegantIcons.eot]
[shop.azelab.com/fonts/fonts/ElegantIcons.woff]
[shop.azelab.com/fonts/fonts/ElegantIconsd41d.eot]
[shop.azelab.com/fonts/fonts/ElegantIcons.ttf]
[shop.azelab.com/fonts/fonts/ElegantIcons.svg]
[shop.azelab.com/fonts/elegant-icons.css]
[shop.azelab.com/your@email.html]
[shop.azelab.com/css/coming-soon.css]
[shop.azelab.com/js/timer.js]
[shop.azelab.com/js/jquery.knob.js]
[shop.azelab.com/images/logo-white.png]
[shop.azelab.com/coming-soon.html]
[shop.azelab.com/images/av_2.jpg]
[shop.azelab.com/images/prd-1.jpg]
[shop.azelab.com/images/prd-2.jpg]
[shop.azelab.com/images/prd-3.jpg]
[shop.azelab.com/images/prd-4.jpg]
[shop.azelab.com/js/review.js]
[shop.azelab.com/wishlist.html]
[shop.azelab.com/compare.html]
[shop.azelab.com/js/jquery.elevatezoom.js]
[shop.azelab.com/images/logo.svg]
[shop.azelab.com/js/mediaelement-and-player.min.js]
[shop.azelab.com/images/product_page_gallery/1-big.jpg]
[shop.azelab.com/images/product_page_gallery/1-big-3x.jpg]
[shop.azelab.com/images/product_page_gallery/1-small.jpg]
[www.elevateweb.co.uk/wp-content/themes/radial/zoom/images/small/image1.png]
[www.elevateweb.co.uk/wp-content/themes/radial/zoom/images/large/image1.jpg]
[shop.azelab.com/images/product_page_gallery/2-small.jpg]
[shop.azelab.com/images/product_page_gallery/3-small.jpg]
[shop.azelab.com/images/product_page_gallery/4-small.jpg]
[shop.azelab.com/images/product_page_gallery/2-big-3x.jpg]
[shop.azelab.com/images/tab-1.jpg]
[shop.azelab.com/js/jquery-migrate-1.2.1.min.js]
[shop.azelab.com/product-page.html]
[shop.azelab.com/shopping-cart.html]
[shop.azelab.com/images/paypal_icon.jpg]
[shop.azelab.com/checkout.html]
[shop.azelab.com/home-1-clothes.html]
[maxcdn.bootstrapcdn.com/font-awesome/4.5.0/css/font-awesome.min.css]
[shop.azelab.com/images/home-2/slides/1-bg.jpg]
[shop.azelab.com/images/home-2/slide-prod.jpg]
[shop.azelab.com/images/home-2/product-tabs/1-pd.jpg]
[shop.azelab.com/images/home-2/product-tabs/2-pd.jpg]
[shop.azelab.com/images/home-2/product-tabs/3-pd.jpg]
[shop.azelab.com/images/home-2/product-tabs/4-pd.jpg]
[shop.azelab.com/images/home-2/product-tabs/5-pd.jpg]
[shop.azelab.com/images/home-2/product-tabs/6-pd.jpg]
[shop.azelab.com/images/home-2/product-tabs/7-pd.jpg]
[shop.azelab.com/images/home-2/product-tabs/8-pd.jpg]
[shop.azelab.com/images/home-2/featured/pd1.jpg]
[shop.azelab.com/images/home-2/featured/pd2.jpg]
[shop.azelab.com/images/home-2/featured/pd3.jpg]
[shop.azelab.com/images/home-2/featured/pd4.jpg]
[shop.azelab.com/images/home-2/featured/pd5.jpg]
[shop.azelab.com/images/home-2/featured/pd6.jpg]
[shop.azelab.com/images/home-2/featured/pd7.jpg]
[shop.azelab.com/images/home-2/featured/pd8.jpg]
[shop.azelab.com/images/home-2/featured/pd9.a3.delayed]
[shop.azelab.com/images/home-2/featured/pd10.jpg]
[shop.azelab.com/home-2-furniture.html]
[shop.azelab.com/images/home_store/book-1.png]
[shop.azelab.com/images/home_store/book-2.png]
[shop.azelab.com/images/home_store/book-3.png]
[shop.azelab.com/images/home_store/book-4.png]
[shop.azelab.com/images/home_store/book-5.png]
[shop.azelab.com/images/home_store/book-6.png]
[shop.azelab.com/images/home_store/book-7.png]
[shop.azelab.com/images/home_store/book-8.png]
[shop.azelab.com/images/home_store/book-9.png]
[shop.azelab.com/images/home_store/book-10.png]
[shop.azelab.com/images/home_store/book-11.png]
[shop.azelab.com/images/home_store/book-12.png]
[shop.azelab.com/images/home_store/special.jpg]
[shop.azelab.com/images/home_store/vp-1.jpg]
[shop.azelab.com/images/home_store/vp-2.jpg]
[shop.azelab.com/images/home_store/vp-3.jpg]
[shop.azelab.com/images/banner1.jpg]
[shop.azelab.com/home-3-bookstore.html]
[shop.azelab.com/images/home-4/slides/slider_1.jpg]
[shop.azelab.com/images/home-4/1.jpg]
[shop.azelab.com/images/home-4/7.jpg]
[shop.azelab.com/images/home-4/3.jpg]
[shop.azelab.com/images/home-4/4.jpg]
[shop.azelab.com/images/home-4/5.jpg]
[shop.azelab.com/images/home-4/6.jpg]
[shop.azelab.com/images/home-4/8.jpg]
[shop.azelab.com/images/home-4/sales-product/1.jpg]
[shop.azelab.com/images/home-4/sales-product/2.jpg]
[shop.azelab.com/images/home-4/sales-product/3.jpg]
[shop.azelab.com/images/home-4/sales-product/4.jpg]
[shop.azelab.com/images/home-4/sales-product/5.jpg]
[shop.azelab.com/images/home-4/sales-product/6.jpg]
[shop.azelab.com/images/home-4/testemonials/av_3.jpg]
[shop.azelab.com/images/home-4/testemonials/av_2.jpg]
[shop.azelab.com/images/home-4/testemonials/av_1.jpg]
[shop.azelab.com/home-4-electronics.html]
[shop.azelab.com/images/home-5/slides/1.jpg]
[shop.azelab.com/images/home-5/slides/mini-slide/1.jpg]
[shop.azelab.com/images/home-5/slides/mini-slide/2.jpg]
[shop.azelab.com/images/home-5/products/tabs/1.jpg]
[shop.azelab.com/images/home-5/products/tabs/2.jpg]
[shop.azelab.com/images/home-5/products/tabs/3.jpg]
[shop.azelab.com/images/home-5/products/tabs/4.jpg]
[shop.azelab.com/images/home-5/products/tabs/5.jpg]
[shop.azelab.com/images/home-5/products/tabs/6.jpg]
[shop.azelab.com/images/home-5/products/tabs/7.jpg]
[shop.azelab.com/images/home-5/products/tabs/8.jpg]
[shop.azelab.com/images/home-5/products/shop-by-flower/slides/large1.jpg]
[shop.azelab.com/images/home-5/products/shop-by-flower/slides/s1.jpg]
[shop.azelab.com/images/home-5/products/shop-by-flower/slides/s2.jpg]
[shop.azelab.com/images/home-5/products/shop-by-flower/slides/s3.jpg]
[shop.azelab.com/images/home-5/products/shop-by-flower/slides/s4.jpg]
[shop.azelab.com/images/home-5/products/shop-by-flower/slides/s5.jpg]
[shop.azelab.com/images/home-5/products/shop-by-flower/slides/style-shop/1.jpg]
[shop.azelab.com/images/home-5/products/shop-by-flower/slides/style-shop/2.jpg]
[shop.azelab.com/images/home-5/products/shop-by-flower/slides/style-shop/3.jpg]
[shop.azelab.com/images/home-5/products/shop-by-flower/slides/style-shop/s1.jpg]
[shop.azelab.com/images/home-5/products/shop-by-flower/slides/style-shop/s2.jpg]
[shop.azelab.com/images/home-5/products/shop-by-flower/slides/style-shop/s3.jpg]
[shop.azelab.com/images/home-5/products/shop-by-flower/slides/style-shop/s3-1.jpg]
[shop.azelab.com/images/home-5/products/shop-by-flower/slides/style-shop/s3-2.jpg]
[shop.azelab.com/images/home-5/products/shop-by-flower/slides/style-shop/s3-3.jpg]
[shop.azelab.com/images/home-5/products/shop-by-flower/slides/style-shop/s3-4.jpg]
[shop.azelab.com/images/home-5/products/shop-by-flower/slides/style-shop/s3-5.jpg]
[shop.azelab.com/images/home-5/products/shop-by-flower/slides/style-shop/sm3-1.jpg]
[shop.azelab.com/images/home-5/products/shop-by-flower/slides/style-shop/sm3-2.jpg]
[shop.azelab.com/images/home-5/products/shop-by-flower/slides/style-shop/sm3-3.jpg]
[shop.azelab.com/images/home-5/products/shop-by-flower/slides/style-shop/sm3-4.jpg]
[shop.azelab.com/images/home-5/products/shop-by-flower/slides/style-shop/sm3-5.jpg]
[shop.azelab.com/images/home-5/products/shop-by-flower/1.jpg]
[shop.azelab.com/images/home-5/products/shop-by-flower/2.jpg]
[shop.azelab.com/images/home-5/products/shop-by-flower/3.jpg]
[shop.azelab.com/images/home-5/products/shop-by-flower/4.jpg]
[shop.azelab.com/images/home-5/products/shop-by-flower/5.jpg]
[shop.azelab.com/images/home-5/products/shop-by-flower/6.jpg]
[shop.azelab.com/images/home-5/products/shop-by-flower/7.jpg]
[shop.azelab.com/images/home-5/products/shop-by-flower/8.jpg]
[shop.azelab.com/images/home-5/products/shop-by-flower/9.jpg]
[shop.azelab.com/images/home-5/products/shop-by-flower/10.jpg]
[shop.azelab.com/images/home-5/products/banners/1.jpg]
[shop.azelab.com/images/home-5/products/new-products/product1.jpg]
[shop.azelab.com/images/home-5/products/new-products/product2.jpg]
[shop.azelab.com/images/home-5/products/new-products/product3.jpg]
[shop.azelab.com/images/home-5/products/new-products/product4.jpg]
[shop.azelab.com/home-5-flower.html]
[shop.azelab.com/basic-page.html]
[shop.azelab.com/css/mediaelementplayer.f7.delayed]
[shop.azelab.com/images/woman.jpg]
[shop.azelab.com/images/woman2.jpg]
[shop.azelab.com/audio/Nirvana-Smells_Like_Teen_Spirit.mp3]
[shop.azelab.com/images/post-1.jpg]
[shop.azelab.com/images/post-2.jpg]
[shop.azelab.com/images/post-3.jpg]
[shop.azelab.com/images/av_1.jpg]
[shop.azelab.com/images/av_3.jpg]
[shop.azelab.com/blog.html]
[shop.azelab.com/plugins/jquery-ui/jquery-ui.min.css]
[shop.azelab.com/plugins/jquery-ui/jquery-ui.structure.min.css]
[shop.azelab.com/css/vendor/jquery-ui.theme.css]
[shop.azelab.com/images/category/banner.jpg]
[shop.azelab.com/images/products/thumbs-mini/1.jpg]
[shop.azelab.com/images/products/thumbs-mini/2.jpg]
[shop.azelab.com/images/products/thumbs-mini/3.jpg]
[shop.azelab.com/images/stores/1.jpg]
[shop.azelab.com/plugins/jquery-ui/jquery-ui.min.js]
[shop.azelab.com/category.html]
[shop.azelab.com/account.html]
[shop.azelab.com/js/jquery.ui.touch-punch.min.js]
[shop.azelab.com/milan@gmail.com]
[shop.azelab.com/images/logo-xs.png]
[shop.azelab.com/contact.html]
[shop.azelab.com/images/email_template/main_bg.jpg]
[shop.azelab.com/images/email_template/blank.gif]
[shop.azelab.com/images/email_template/logo.svg]
[shop.azelab.com/images/email_template/home-icon.png]
[shop.azelab.com/images/email_template/account-icon.png]
[shop.azelab.com/images/email_template/wishlist-icon.png]
[shop.azelab.com/images/email_template/my-cart-icon.png]
[shop.azelab.com/images/email_template/bestsellers.jpg]
[shop.azelab.com/images/email_template/footer-phone.png]
[shop.azelab.com/images/email_template/footer-phone-mobile.png]
[shop.azelab.com/images/email_template/footer-mail.png]
[shop.azelab.com/images/email_template/footer-skype.png]
[shop.azelab.com/images/email_template/facebook.png]
[shop.azelab.com/images/email_template/twitter.png]
[shop.azelab.com/images/email_template/google-plus.png]
[shop.azelab.com/images/email_template/dribbble.png]
[shop.azelab.com/email_template.html]
[shop.azelab.com/login_register.html]
[shop.azelab.com/order-complete.html]
[shop.azelab.com/order-history.html]
[shop.azelab.com/shortcodes.html]
[shop.azelab.com/images/related-1.jpg]
[shop.azelab.com/images/related-2.jpg]
[shop.azelab.com/images/related-3.jpg]
[shop.azelab.com/images/review/avatar-4.jpg]
[shop.azelab.com/single-blog.html]
[shop.azelab.com/review_page.html]
[shop.azelab.com/404.html]
[shop.azelab.com/css/bootstrap/glyphicons-halflings-regular.html]
[shop.azelab.com/css/bootstrap/glyphicons-halflings-regulard41d.html]
[shop.azelab.com/css/bootstrap/glyphicons-halflings-regular-2.html]
[shop.azelab.com/css/bootstrap/glyphicons-halflings-regular-3.html]
[shop.azelab.com/css/bootstrap/glyphicons-halflings-regular-4.html]
[shop.azelab.com/images/stars-rating.html]
[shop.azelab.com/images/mediaelementplayer/bigplay.svg]
[shop.azelab.com/images/mediaelementplayer/controls.svg]
[shop.azelab.com/images/stars-rating-home-v2.html]
[shop.azelab.com/images/stars-rating-home-v4.html]
[shop.azelab.com/fonts/fonts/Simple-Line-Icons.svg]
[shop.azelab.com/fonts/fonts/ElegantIcons.svg]
[shop.azelab.com/images/home-4/bg.jpg]
[shop.azelab.com/images/home-2/bg.jpg]
[shop.azelab.com/images/coming-soon-bg.jpg]
[shop.azelab.com/css/coming-soon.css]
[maxcdn.bootstrapcdn.com/font-awesome/4.5.0/css/font-awesome.min.css]
[shop.azelab.com/images/home-2/featured/pd9.html]
[shop.azelab.com/images/home-2/featured/pd10.html]
[shop.azelab.com/css/mediaelementplayer.html]
[shop.azelab.com/audio/Nirvana-Smells_Like_Teen_Spirit.mp3]
[shop.azelab.com/plugins/jquery-ui/images/ui-bg_highlight-soft_100_eeeeee_1x100.png]
[shop.azelab.com/plugins/jquery-ui/images/ui-bg_gloss-wave_35_f6a828_500x100.png]
[shop.azelab.com/plugins/jquery-ui/images/ui-bg_glass_100_f6f6f6_1x400.png]
[shop.azelab.com/plugins/jquery-ui/images/ui-bg_glass_100_fdf5ce_1x400.png]
[shop.azelab.com/plugins/jquery-ui/images/ui-bg_glass_65_ffffff_1x400.png]
[shop.azelab.com/plugins/jquery-ui/images/ui-bg_highlight-soft_75_ffe45c_1x100.png]
[shop.azelab.com/plugins/jquery-ui/images/ui-bg_diagonals-thick_18_b81900_40x40.png]
[shop.azelab.com/plugins/jquery-ui/images/ui-icons_222222_256x240.png]
[shop.azelab.com/plugins/jquery-ui/images/ui-icons_ffffff_256x240.png]
[shop.azelab.com/plugins/jquery-ui/images/ui-icons_ef8c08_256x240.png]
[shop.azelab.com/plugins/jquery-ui/images/ui-icons_228ef1_256x240.png]
[shop.azelab.com/plugins/jquery-ui/images/ui-icons_ffd27a_256x240.png]
[shop.azelab.com/plugins/jquery-ui/images/ui-bg_diagonals-thick_20_666666_40x40.png]
[shop.azelab.com/plugins/jquery-ui/images/ui-bg_flat_10_000000_40x100.png]
[shop.azelab.com/plugins/jquery-ui/jquery-ui.min.css]
[shop.azelab.com/plugins/jquery-ui/jquery-ui.structure.min.css]
[shop.azelab.com/css/plugins/jquery-ui/images/ui-icons_222222_256x240.png]
[shop.azelab.com/css/plugins/jquery-ui/images/ui-icons_ffffff_256x240.png]
[shop.azelab.com/css/plugins/jquery-ui/images/ui-icons_ef8c08_256x240.png]
[shop.azelab.com/css/plugins/jquery-ui/images/ui-icons_228ef1_256x240.png]
[shop.azelab.com/css/plugins/jquery-ui/images/ui-icons_ffd27a_256x240.png]
[shop.azelab.com/css/plugins/jquery-ui/images/ui-bg_diagonals-thick_20_666666_40x40.png]
[shop.azelab.com/css/plugins/jquery-ui/images/ui-bg_flat_10_000000_40x100.png]
[shop.azelab.com/css/vendor/jquery-ui.theme.css]
[shop.azelab.com/milan@gmail.html]
[shop.azelab.com/images/email_template/logo.svg]
[shop.azelab.com/images/home-2/bg.jpg]
[shop.azelab.com/css/plugins/jquery-ui/images/ui-icons_222222_256x240.html]
[shop.azelab.com/css/plugins/jquery-ui/images/ui-icons_ffffff_256x240.html]
[shop.azelab.com/css/plugins/jquery-ui/images/ui-icons_ef8c08_256x240.html]
[shop.azelab.com/css/plugins/jquery-ui/images/ui-icons_228ef1_256x240.html]
[shop.azelab.com/css/plugins/jquery-ui/images/ui-icons_ffd27a_256x240.html]
[shop.azelab.com/css/plugins/jquery-ui/images/ui-bg_diagonals-thick_20_666666_40x40.html]
[shop.azelab.com/css/plugins/jquery-ui/images/ui-bg_flat_10_000000_40x100.html]
[shop.azelab.com/audio/Nirvana-Smells_Like_Teen_Spirit.mp3]
